### configure (2026-07-15T05:36:14Z)
-- The CXX compiler identification is GNU 13.3.0
-- Detecting CXX compiler ABI info
-- Detecting CXX compiler ABI info - done
-- Check for working CXX compiler: /usr/bin/c++ - skipped
-- Detecting CXX compile features
-- Detecting CXX compile features - done
-- LTO enabled
-- Downloading CPM.cmake to /home/zotanika/workspace/fhenomenon/build/cmake/CPM_0.35.1.cmake
-- CPM: adding package PackageProject.cmake@1.8.0 (v1.8.0)
-- CPM: adding package fmt@8.1.1 (8.1.1)
-- Module support is disabled.
-- Version: 8.1.1
-- Build type: Release
-- CXX_STANDARD: 17
-- Performing Test has_std_17_flag
-- Performing Test has_std_17_flag - Success
-- Performing Test has_std_1z_flag
-- Performing Test has_std_1z_flag - Success
-- Performing Test SUPPORTS_USER_DEFINED_LITERALS
-- Performing Test SUPPORTS_USER_DEFINED_LITERALS - Success
-- Performing Test FMT_HAS_VARIANT
-- Performing Test FMT_HAS_VARIANT - Success
-- Required features: cxx_variadic_templates
-- Looking for strtod_l
-- Looking for strtod_l - found
-- CPM: adding package nlohmann_json@3.11.3 (v3.11.3)
-- Using the multi-header code from /home/zotanika/workspace/fhenomenon/build/_deps/nlohmann_json-src/include/
-- SOURCES /home/zotanika/workspace/fhenomenon/src/Backend/Backend.cpp;/home/zotanika/workspace/fhenomenon/src/Backend/Builtin.cpp;/home/zotanika/workspace/fhenomenon/src/Backend/External.cpp;/home/zotanika/workspace/fhenomenon/src/Configuration.cpp;/home/zotanika/workspace/fhenomenon/src/Crypto/ToyFHE.cpp;/home/zotanika/workspace/fhenomenon/src/FHN/FhnDefaultExecutor.cpp;/home/zotanika/workspace/fhenomenon/src/FHN/FhnMovementPlan.cpp;/home/zotanika/workspace/fhenomenon/src/FHN/ToyFheKernels.cpp;/home/zotanika/workspace/fhenomenon/src/FHN/fhn_program.cpp;/home/zotanika/workspace/fhenomenon/src/Fhenomenon.cpp;/home/zotanika/workspace/fhenomenon/src/Fhenon.cpp;/home/zotanika/workspace/fhenomenon/src/KeyManager.cpp;/home/zotanika/workspace/fhenomenon/src/Parameter/CKKSParameter.cpp;/home/zotanika/workspace/fhenomenon/src/Parameter/Parameter.cpp;/home/zotanika/workspace/fhenomenon/src/Profile.cpp;/home/zotanika/workspace/fhenomenon/src/Scheduler/LowerToFhnProgram.cpp;/home/zotanika/workspace/fhenomenon/src/Scheduler/MatMulRecognitionPass.cpp;/home/zotanika/workspace/fhenomenon/src/Scheduler/Operation.cpp;/home/zotanika/workspace/fhenomenon/src/Session/Session.cpp
-- Using default ToyFHE backend for BuiltinBackend
-- CPM: adding package googletest@1.17.0 (v1.17.0)
-- The C compiler identification is GNU 13.3.0
-- Detecting C compiler ABI info
-- Detecting C compiler ABI info - done
-- Check for working C compiler: /usr/bin/cc - skipped
-- Detecting C compile features
-- Detecting C compile features - done
-- Performing Test CMAKE_HAVE_LIBC_PTHREAD
-- Performing Test CMAKE_HAVE_LIBC_PTHREAD - Success
-- Found Threads: TRUE  
-- Cheddar-FHE found, building cheddar_fhn backend and GPU tests
-- Configuring done (90.3s)
-- Generating done (0.0s)
-- Build files have been written to: /home/zotanika/workspace/fhenomenon/build
### configure exit=0
### build (2026-07-15T05:37:44Z)
[ 50%] Building CXX object test/CMakeFiles/cheddar_fhn.dir/__/src/FHN/cheddar/CheddarFhnBackend.cpp.o
In file included from /home/zotanika/workspace/fhenomenon/refs/cheddar-fhe/build/_deps/thrust-src/thrust/system/detail/sequential/copy.inl:26,
                 from /home/zotanika/workspace/fhenomenon/refs/cheddar-fhe/build/_deps/thrust-src/thrust/system/detail/sequential/copy.h:61,
                 from /home/zotanika/workspace/fhenomenon/refs/cheddar-fhe/build/_deps/thrust-src/thrust/system/detail/adl/copy.h:25,
                 from /home/zotanika/workspace/fhenomenon/refs/cheddar-fhe/build/_deps/thrust-src/thrust/detail/copy.inl:23,
                 from /home/zotanika/workspace/fhenomenon/refs/cheddar-fhe/build/_deps/thrust-src/thrust/detail/copy.h:90,
                 from /home/zotanika/workspace/fhenomenon/refs/cheddar-fhe/build/_deps/thrust-src/thrust/detail/allocator/copy_construct_range.inl:23,
                 from /home/zotanika/workspace/fhenomenon/refs/cheddar-fhe/build/_deps/thrust-src/thrust/detail/allocator/copy_construct_range.h:45,
                 from /home/zotanika/workspace/fhenomenon/refs/cheddar-fhe/build/_deps/thrust-src/thrust/detail/contiguous_storage.inl:23,
                 from /home/zotanika/workspace/fhenomenon/refs/cheddar-fhe/build/_deps/thrust-src/thrust/detail/contiguous_storage.h:234,
                 from /home/zotanika/workspace/fhenomenon/refs/cheddar-fhe/build/_deps/thrust-src/thrust/detail/vector_base.h:30,
                 from /home/zotanika/workspace/fhenomenon/refs/cheddar-fhe/build/_deps/thrust-src/thrust/host_vector.h:27,
                 from /home/zotanika/workspace/fhenomenon/refs/cheddar-fhe/include/core/DeviceVector.h:3,
                 from /home/zotanika/workspace/fhenomenon/refs/cheddar-fhe/include/core/Container.h:3,
                 from /home/zotanika/workspace/fhenomenon/refs/cheddar-fhe/include/core/Context.h:6,
                 from /home/zotanika/workspace/fhenomenon/refs/cheddar-fhe/include/ScalarOps.h:18,
                 from /home/zotanika/workspace/fhenomenon/src/FHN/cheddar/CheddarFhnBackend.cpp:12:
/home/zotanika/workspace/fhenomenon/refs/cheddar-fhe/build/_deps/thrust-src/thrust/type_traits/is_trivially_relocatable.h:326:39: warning: ‘long4’ is deprecated: use long4_16a or long4_32a [-Wdeprecated-declarations]
  326 | THRUST_PROCLAIM_TRIVIALLY_RELOCATABLE(long4)
      |                                       ^~~~~
/home/zotanika/workspace/fhenomenon/refs/cheddar-fhe/build/_deps/thrust-src/thrust/type_traits/is_trivially_relocatable.h:229:41: note: in definition of macro ‘THRUST_PROCLAIM_TRIVIALLY_RELOCATABLE’
  229 |   struct proclaim_trivially_relocatable<T> : THRUST_NS_QUALIFIER::true_type   \
      |                                         ^
In file included from /usr/local/cuda/targets/sbsa-linux/include/driver_types.h:61,
                 from /usr/local/cuda/targets/sbsa-linux/include/builtin_types.h:59,
                 from /usr/local/cuda/targets/sbsa-linux/include/cuda_runtime_api.h:150,
                 from /home/zotanika/workspace/fhenomenon/refs/cheddar-fhe/build/_deps/thrust-src/thrust/system/cuda/detail/guarded_cuda_runtime_api.h:38,
                 from /home/zotanika/workspace/fhenomenon/refs/cheddar-fhe/build/_deps/thrust-src/thrust/type_traits/is_trivially_relocatable.h:297:
/usr/local/cuda/targets/sbsa-linux/include/vector_types.h:532:98: note: declared here
  532 | typedef __device_builtin__ struct long4 __VECTOR_TYPE_DEPRECATED__("use long4_16a or long4_32a") long4;
      |                                                                                                  ^~~~~
/home/zotanika/workspace/fhenomenon/refs/cheddar-fhe/build/_deps/thrust-src/thrust/type_traits/is_trivially_relocatable.h:330:39: warning: ‘ulong4’ is deprecated: use ulong4_16a or ulong4_32a [-Wdeprecated-declarations]
  330 | THRUST_PROCLAIM_TRIVIALLY_RELOCATABLE(ulong4)
      |                                       ^~~~~~
/home/zotanika/workspace/fhenomenon/refs/cheddar-fhe/build/_deps/thrust-src/thrust/type_traits/is_trivially_relocatable.h:229:41: note: in definition of macro ‘THRUST_PROCLAIM_TRIVIALLY_RELOCATABLE’
  229 |   struct proclaim_trivially_relocatable<T> : THRUST_NS_QUALIFIER::true_type   \
      |                                         ^
/usr/local/cuda/targets/sbsa-linux/include/vector_types.h:533:101: note: declared here
  533 | typedef __device_builtin__ struct ulong4 __VECTOR_TYPE_DEPRECATED__("use ulong4_16a or ulong4_32a") ulong4;
      |                                                                                                     ^~~~~~
/home/zotanika/workspace/fhenomenon/refs/cheddar-fhe/build/_deps/thrust-src/thrust/type_traits/is_trivially_relocatable.h:334:39: warning: ‘longlong4’ is deprecated: use longlong4_16a or longlong4_32a [-Wdeprecated-declarations]
  334 | THRUST_PROCLAIM_TRIVIALLY_RELOCATABLE(longlong4)
      |                                       ^~~~~~~~~
/home/zotanika/workspace/fhenomenon/refs/cheddar-fhe/build/_deps/thrust-src/thrust/type_traits/is_trivially_relocatable.h:229:41: note: in definition of macro ‘THRUST_PROCLAIM_TRIVIALLY_RELOCATABLE’
  229 |   struct proclaim_trivially_relocatable<T> : THRUST_NS_QUALIFIER::true_type   \
      |                                         ^
/usr/local/cuda/targets/sbsa-linux/include/vector_types.h:550:110: note: declared here
  550 | typedef __device_builtin__ struct longlong4 __VECTOR_TYPE_DEPRECATED__("use longlong4_16a or longlong4_32a") longlong4;
      |                                                                                                              ^~~~~~~~~
/home/zotanika/workspace/fhenomenon/refs/cheddar-fhe/build/_deps/thrust-src/thrust/type_traits/is_trivially_relocatable.h:338:39: warning: ‘ulonglong4’ is deprecated: use ulonglong4_16a or ulonglong4_32a [-Wdeprecated-declarations]
  338 | THRUST_PROCLAIM_TRIVIALLY_RELOCATABLE(ulonglong4)
      |                                       ^~~~~~~~~~
/home/zotanika/workspace/fhenomenon/refs/cheddar-fhe/build/_deps/thrust-src/thrust/type_traits/is_trivially_relocatable.h:229:41: note: in definition of macro ‘THRUST_PROCLAIM_TRIVIALLY_RELOCATABLE’
  229 |   struct proclaim_trivially_relocatable<T> : THRUST_NS_QUALIFIER::true_type   \
      |                                         ^
/usr/local/cuda/targets/sbsa-linux/include/vector_types.h:551:113: note: declared here
  551 | typedef __device_builtin__ struct ulonglong4 __VECTOR_TYPE_DEPRECATED__("use ulonglong4_16a or ulonglong4_32a") ulonglong4;
      |                                                                                                                 ^~~~~~~~~~
/home/zotanika/workspace/fhenomenon/refs/cheddar-fhe/build/_deps/thrust-src/thrust/type_traits/is_trivially_relocatable.h:353:39: warning: ‘double4’ is deprecated: use double4_16a or double4_32a [-Wdeprecated-declarations]
  353 | THRUST_PROCLAIM_TRIVIALLY_RELOCATABLE(double4)
      |                                       ^~~~~~~
/home/zotanika/workspace/fhenomenon/refs/cheddar-fhe/build/_deps/thrust-src/thrust/type_traits/is_trivially_relocatable.h:229:41: note: in definition of macro ‘THRUST_PROCLAIM_TRIVIALLY_RELOCATABLE’
  229 |   struct proclaim_trivially_relocatable<T> : THRUST_NS_QUALIFIER::true_type   \
      |                                         ^
/usr/local/cuda/targets/sbsa-linux/include/vector_types.h:561:104: note: declared here
  561 | typedef __device_builtin__ struct double4 __VECTOR_TYPE_DEPRECATED__("use double4_16a or double4_32a") double4;
      |                                                                                                        ^~~~~~~
[100%] Linking CXX shared library ../lib/libcheddar_fhn.so
[100%] Built target cheddar_fhn
[  3%] Building CXX object _deps/fmt-build/CMakeFiles/fmt.dir/src/format.cc.o
[  6%] Building CXX object _deps/googletest-build/googletest/CMakeFiles/gtest.dir/src/gtest-all.cc.o
[ 12%] Built target cheddar_fhn
[ 16%] Building CXX object _deps/fmt-build/CMakeFiles/fmt.dir/src/os.cc.o
[ 19%] Linking CXX static library libfmt.a
[ 19%] Built target fmt
[ 22%] Building CXX object CMakeFiles/Fhenomenon.dir/src/Backend/External.cpp.o
[ 25%] Building CXX object CMakeFiles/Fhenomenon.dir/src/FHN/FhnDefaultExecutor.cpp.o
[ 29%] Building CXX object CMakeFiles/Fhenomenon.dir/src/FHN/fhn_program.cpp.o
[ 35%] Building CXX object CMakeFiles/Fhenomenon.dir/src/Backend/Backend.cpp.o
[ 35%] Building CXX object CMakeFiles/Fhenomenon.dir/src/Backend/Builtin.cpp.o
[ 38%] Building CXX object CMakeFiles/Fhenomenon.dir/src/Configuration.cpp.o
[ 41%] Building CXX object CMakeFiles/Fhenomenon.dir/src/Fhenon.cpp.o
[ 48%] Building CXX object CMakeFiles/Fhenomenon.dir/src/KeyManager.cpp.o
[ 48%] Building CXX object CMakeFiles/Fhenomenon.dir/src/Parameter/CKKSParameter.cpp.o
[ 51%] Building CXX object CMakeFiles/Fhenomenon.dir/src/Parameter/Parameter.cpp.o
[ 58%] Building CXX object CMakeFiles/Fhenomenon.dir/src/Profile.cpp.o
[ 58%] Building CXX object CMakeFiles/Fhenomenon.dir/src/Crypto/ToyFHE.cpp.o
[ 61%] Building CXX object CMakeFiles/Fhenomenon.dir/src/Scheduler/LowerToFhnProgram.cpp.o
[ 64%] Building CXX object CMakeFiles/Fhenomenon.dir/src/FHN/FhnMovementPlan.cpp.o
[ 67%] Building CXX object CMakeFiles/Fhenomenon.dir/src/FHN/ToyFheKernels.cpp.o
[ 70%] Building CXX object CMakeFiles/Fhenomenon.dir/src/Fhenomenon.cpp.o
[ 74%] Building CXX object CMakeFiles/Fhenomenon.dir/src/Scheduler/MatMulRecognitionPass.cpp.o
[ 77%] Building CXX object CMakeFiles/Fhenomenon.dir/src/Scheduler/Operation.cpp.o
[ 80%] Building CXX object CMakeFiles/Fhenomenon.dir/src/Session/Session.cpp.o
[ 83%] Linking CXX static library libFhenomenon.a
[ 83%] Built target Fhenomenon
[ 87%] Linking CXX static library ../../../lib/libgtest.a
[ 87%] Built target gtest
[ 90%] Building CXX object _deps/googletest-build/googletest/CMakeFiles/gtest_main.dir/src/gtest_main.cc.o
[ 93%] Linking CXX static library ../../../lib/libgtest_main.a
[ 93%] Built target gtest_main
[ 96%] Building CXX object test/CMakeFiles/FhnCheddarGpuTest.dir/FhnCheddarGpuTest.cpp.o
In file included from /home/zotanika/workspace/fhenomenon/refs/cheddar-fhe/build/_deps/thrust-src/thrust/system/detail/sequential/copy.inl:26,
                 from /home/zotanika/workspace/fhenomenon/refs/cheddar-fhe/build/_deps/thrust-src/thrust/system/detail/sequential/copy.h:61,
                 from /home/zotanika/workspace/fhenomenon/refs/cheddar-fhe/build/_deps/thrust-src/thrust/system/detail/adl/copy.h:25,
                 from /home/zotanika/workspace/fhenomenon/refs/cheddar-fhe/build/_deps/thrust-src/thrust/detail/copy.inl:23,
                 from /home/zotanika/workspace/fhenomenon/refs/cheddar-fhe/build/_deps/thrust-src/thrust/detail/copy.h:90,
                 from /home/zotanika/workspace/fhenomenon/refs/cheddar-fhe/build/_deps/thrust-src/thrust/detail/allocator/copy_construct_range.inl:23,
                 from /home/zotanika/workspace/fhenomenon/refs/cheddar-fhe/build/_deps/thrust-src/thrust/detail/allocator/copy_construct_range.h:45,
                 from /home/zotanika/workspace/fhenomenon/refs/cheddar-fhe/build/_deps/thrust-src/thrust/detail/contiguous_storage.inl:23,
                 from /home/zotanika/workspace/fhenomenon/refs/cheddar-fhe/build/_deps/thrust-src/thrust/detail/contiguous_storage.h:234,
                 from /home/zotanika/workspace/fhenomenon/refs/cheddar-fhe/build/_deps/thrust-src/thrust/detail/vector_base.h:30,
                 from /home/zotanika/workspace/fhenomenon/refs/cheddar-fhe/build/_deps/thrust-src/thrust/host_vector.h:27,
                 from /home/zotanika/workspace/fhenomenon/refs/cheddar-fhe/include/core/DeviceVector.h:3,
                 from /home/zotanika/workspace/fhenomenon/refs/cheddar-fhe/include/core/Container.h:3,
                 from /home/zotanika/workspace/fhenomenon/test/FhnCheddarGpuTest.cpp:17:
/home/zotanika/workspace/fhenomenon/refs/cheddar-fhe/build/_deps/thrust-src/thrust/type_traits/is_trivially_relocatable.h:326:39: warning: ‘long4’ is deprecated: use long4_16a or long4_32a [-Wdeprecated-declarations]
  326 | THRUST_PROCLAIM_TRIVIALLY_RELOCATABLE(long4)
      |                                       ^~~~~
/home/zotanika/workspace/fhenomenon/refs/cheddar-fhe/build/_deps/thrust-src/thrust/type_traits/is_trivially_relocatable.h:229:41: note: in definition of macro ‘THRUST_PROCLAIM_TRIVIALLY_RELOCATABLE’
  229 |   struct proclaim_trivially_relocatable<T> : THRUST_NS_QUALIFIER::true_type   \
      |                                         ^
In file included from /usr/local/cuda/targets/sbsa-linux/include/driver_types.h:61,
                 from /usr/local/cuda/targets/sbsa-linux/include/builtin_types.h:59,
                 from /usr/local/cuda/targets/sbsa-linux/include/cuda_runtime_api.h:150,
                 from /home/zotanika/workspace/fhenomenon/refs/cheddar-fhe/build/_deps/thrust-src/thrust/system/cuda/detail/guarded_cuda_runtime_api.h:38,
                 from /home/zotanika/workspace/fhenomenon/refs/cheddar-fhe/build/_deps/thrust-src/thrust/type_traits/is_trivially_relocatable.h:297:
/usr/local/cuda/targets/sbsa-linux/include/vector_types.h:532:98: note: declared here
  532 | typedef __device_builtin__ struct long4 __VECTOR_TYPE_DEPRECATED__("use long4_16a or long4_32a") long4;
      |                                                                                                  ^~~~~
/home/zotanika/workspace/fhenomenon/refs/cheddar-fhe/build/_deps/thrust-src/thrust/type_traits/is_trivially_relocatable.h:330:39: warning: ‘ulong4’ is deprecated: use ulong4_16a or ulong4_32a [-Wdeprecated-declarations]
  330 | THRUST_PROCLAIM_TRIVIALLY_RELOCATABLE(ulong4)
      |                                       ^~~~~~
/home/zotanika/workspace/fhenomenon/refs/cheddar-fhe/build/_deps/thrust-src/thrust/type_traits/is_trivially_relocatable.h:229:41: note: in definition of macro ‘THRUST_PROCLAIM_TRIVIALLY_RELOCATABLE’
  229 |   struct proclaim_trivially_relocatable<T> : THRUST_NS_QUALIFIER::true_type   \
      |                                         ^
/usr/local/cuda/targets/sbsa-linux/include/vector_types.h:533:101: note: declared here
  533 | typedef __device_builtin__ struct ulong4 __VECTOR_TYPE_DEPRECATED__("use ulong4_16a or ulong4_32a") ulong4;
      |                                                                                                     ^~~~~~
/home/zotanika/workspace/fhenomenon/refs/cheddar-fhe/build/_deps/thrust-src/thrust/type_traits/is_trivially_relocatable.h:334:39: warning: ‘longlong4’ is deprecated: use longlong4_16a or longlong4_32a [-Wdeprecated-declarations]
  334 | THRUST_PROCLAIM_TRIVIALLY_RELOCATABLE(longlong4)
      |                                       ^~~~~~~~~
/home/zotanika/workspace/fhenomenon/refs/cheddar-fhe/build/_deps/thrust-src/thrust/type_traits/is_trivially_relocatable.h:229:41: note: in definition of macro ‘THRUST_PROCLAIM_TRIVIALLY_RELOCATABLE’
  229 |   struct proclaim_trivially_relocatable<T> : THRUST_NS_QUALIFIER::true_type   \
      |                                         ^
/usr/local/cuda/targets/sbsa-linux/include/vector_types.h:550:110: note: declared here
  550 | typedef __device_builtin__ struct longlong4 __VECTOR_TYPE_DEPRECATED__("use longlong4_16a or longlong4_32a") longlong4;
      |                                                                                                              ^~~~~~~~~
/home/zotanika/workspace/fhenomenon/refs/cheddar-fhe/build/_deps/thrust-src/thrust/type_traits/is_trivially_relocatable.h:338:39: warning: ‘ulonglong4’ is deprecated: use ulonglong4_16a or ulonglong4_32a [-Wdeprecated-declarations]
  338 | THRUST_PROCLAIM_TRIVIALLY_RELOCATABLE(ulonglong4)
      |                                       ^~~~~~~~~~
/home/zotanika/workspace/fhenomenon/refs/cheddar-fhe/build/_deps/thrust-src/thrust/type_traits/is_trivially_relocatable.h:229:41: note: in definition of macro ‘THRUST_PROCLAIM_TRIVIALLY_RELOCATABLE’
  229 |   struct proclaim_trivially_relocatable<T> : THRUST_NS_QUALIFIER::true_type   \
      |                                         ^
/usr/local/cuda/targets/sbsa-linux/include/vector_types.h:551:113: note: declared here
  551 | typedef __device_builtin__ struct ulonglong4 __VECTOR_TYPE_DEPRECATED__("use ulonglong4_16a or ulonglong4_32a") ulonglong4;
      |                                                                                                                 ^~~~~~~~~~
/home/zotanika/workspace/fhenomenon/refs/cheddar-fhe/build/_deps/thrust-src/thrust/type_traits/is_trivially_relocatable.h:353:39: warning: ‘double4’ is deprecated: use double4_16a or double4_32a [-Wdeprecated-declarations]
  353 | THRUST_PROCLAIM_TRIVIALLY_RELOCATABLE(double4)
      |                                       ^~~~~~~
/home/zotanika/workspace/fhenomenon/refs/cheddar-fhe/build/_deps/thrust-src/thrust/type_traits/is_trivially_relocatable.h:229:41: note: in definition of macro ‘THRUST_PROCLAIM_TRIVIALLY_RELOCATABLE’
  229 |   struct proclaim_trivially_relocatable<T> : THRUST_NS_QUALIFIER::true_type   \
      |                                         ^
/usr/local/cuda/targets/sbsa-linux/include/vector_types.h:561:104: note: declared here
  561 | typedef __device_builtin__ struct double4 __VECTOR_TYPE_DEPRECATED__("use double4_16a or double4_32a") double4;
      |                                                                                                        ^~~~~~~
[100%] Linking CXX executable ../bin/FhnCheddarGpuTest
[100%] Built target FhnCheddarGpuTest
[  9%] Built target fmt
[ 74%] Built target Fhenomenon
[ 77%] Building CXX object benchmarks/CMakeFiles/fhn_corpus_lib.dir/corpus/corpus_backend.cpp.o
[ 80%] Building CXX object test/CMakeFiles/toyfhe_fhn.dir/__/src/FHN/ToyFheKernels.cpp.o
[ 83%] Building CXX object benchmarks/CMakeFiles/fhn_corpus_lib.dir/corpus/corpus_shapes.cpp.o
[ 87%] Building CXX object benchmarks/CMakeFiles/fhn_corpus_lib.dir/corpus/corpus_oracle.cpp.o
[ 90%] Linking CXX shared library ../lib/libtoyfhe_fhn.so
[ 90%] Built target toyfhe_fhn
[ 93%] Linking CXX static library libfhn_corpus_lib.a
[ 93%] Built target fhn_corpus_lib
[ 96%] Building CXX object benchmarks/CMakeFiles/fhn-corpus.dir/corpus/fhn_corpus_main.cpp.o
[100%] Linking CXX executable ../bin/fhn-corpus
[100%] Built target fhn-corpus
[ 12%] Built target fmt
[ 92%] Built target Fhenomenon
[ 96%] Building CXX object benchmarks/CMakeFiles/fhn-bench-matvec.dir/fhn_matvec_bench.cpp.o
[100%] Linking CXX executable ../bin/fhn-bench-matvec
[100%] Built target fhn-bench-matvec
### build exit=0
